0,0      10,0      20,0      30,0      40,0      50,0      60,0      70,0
zero          ,15                                                              b
az






0,10     10,10     20,10     30,10     40,10     50,10     60,10     70,10





15,



0,20     10,20     20,20     30,20     40,20     50,20     60,20     70,20



                                                                               f
bar
