^[[?1;2c^[[>84;0;0c^[[?1;2c^[[>84;0;0c























