a
b
c
d
aa
bb
cc
dd
abdef
abdef
abdef
abef












