^[[0n^[[1;1R








         ^[[0n^[[10;10R














