a
c
e
fi
                                                                          x
x


















