a
b
c
d
aa
bb
cc
dd
ab cdef
ab cdef
ab cdef
ab  cdef












