a








         [1;31mbdf




[0;39m              c




                   e




