status-utf8 off
mouse-utf8 off
utf8 off
status-utf8 on
mouse-utf8 on
utf8 on
