%0 %0 0 3602,80x24,0,0[80x5,0,0{18x5,0,0,8,40x5,19,0,2,20x5,60,0,7},80x12,0,6{18x12,0,6,4,40x12,19,6,0,20x12,60,6,3},80x5,0,19{18x5,0,19,6,40x5,19,19,1,20x5,60,19,5}]
{last}                   %0,0:0 %4,1:0 %3,2:0 %2,3:0 %8,4:0 %7,5:0 %1,6:0 %6,7:0 %5,8:1
.{last}                  %0,0:0 %4,1:0 %3,2:0 %2,3:0 %8,4:0 %7,5:0 %1,6:0 %6,7:0 %5,8:1
:.{last}                 %0,0:0 %4,1:0 %3,2:0 %2,3:0 %8,4:0 %7,5:0 %1,6:0 %6,7:0 %5,8:1
:W.{last}                %0,0:0 %4,1:0 %3,2:0 %2,3:0 %8,4:0 %7,5:0 %1,6:0 %6,7:0 %5,8:1
S:.{last}                %0,0:0 %4,1:0 %3,2:0 %2,3:0 %8,4:0 %7,5:0 %1,6:0 %6,7:0 %5,8:1
S:W.{last}               %0,0:0 %4,1:0 %3,2:0 %2,3:0 %8,4:0 %7,5:0 %1,6:0 %6,7:0 %5,8:1
!                        %0,0:0 %4,1:0 %3,2:0 %2,3:0 %8,4:0 %7,5:0 %1,6:0 %6,7:0 %5,8:1
.!                       %0,0:0 %4,1:0 %3,2:0 %2,3:0 %8,4:0 %7,5:0 %1,6:0 %6,7:0 %5,8:1
:.!                      %0,0:0 %4,1:0 %3,2:0 %2,3:0 %8,4:0 %7,5:0 %1,6:0 %6,7:0 %5,8:1
:W.!                     %0,0:0 %4,1:0 %3,2:0 %2,3:0 %8,4:0 %7,5:0 %1,6:0 %6,7:0 %5,8:1
S:.!                     %0,0:0 %4,1:0 %3,2:0 %2,3:0 %8,4:0 %7,5:0 %1,6:0 %6,7:0 %5,8:1
S:W.!                    %0,0:0 %4,1:0 %3,2:0 %2,3:0 %8,4:0 %7,5:0 %1,6:0 %6,7:0 %5,8:1
{next}                   %0,0:1 %4,1:0 %3,2:0 %2,3:0 %8,4:0 %7,5:0 %1,6:0 %6,7:0 %5,8:0
.{next}                  %0,0:1 %4,1:0 %3,2:0 %2,3:0 %8,4:0 %7,5:0 %1,6:0 %6,7:0 %5,8:0
:.{next}                 %0,0:1 %4,1:0 %3,2:0 %2,3:0 %8,4:0 %7,5:0 %1,6:0 %6,7:0 %5,8:0
:W.{next}                %0,0:1 %4,1:0 %3,2:0 %2,3:0 %8,4:0 %7,5:0 %1,6:0 %6,7:0 %5,8:0
S:.{next}                %0,0:1 %4,1:0 %3,2:0 %2,3:0 %8,4:0 %7,5:0 %1,6:0 %6,7:0 %5,8:0
S:W.{next}               %0,0:1 %4,1:0 %3,2:0 %2,3:0 %8,4:0 %7,5:0 %1,6:0 %6,7:0 %5,8:0
+                        %0,0:1 %4,1:0 %3,2:0 %2,3:0 %8,4:0 %7,5:0 %1,6:0 %6,7:0 %5,8:0
.+                       %0,0:1 %4,1:0 %3,2:0 %2,3:0 %8,4:0 %7,5:0 %1,6:0 %6,7:0 %5,8:0
:.+                      %0,0:1 %4,1:0 %3,2:0 %2,3:0 %8,4:0 %7,5:0 %1,6:0 %6,7:0 %5,8:0
:W.+                     %0,0:1 %4,1:0 %3,2:0 %2,3:0 %8,4:0 %7,5:0 %1,6:0 %6,7:0 %5,8:0
S:.+                     %0,0:1 %4,1:0 %3,2:0 %2,3:0 %8,4:0 %7,5:0 %1,6:0 %6,7:0 %5,8:0
S:W.+                    %0,0:1 %4,1:0 %3,2:0 %2,3:0 %8,4:0 %7,5:0 %1,6:0 %6,7:0 %5,8:0
{previous}               %0,0:0 %4,1:0 %3,2:0 %2,3:0 %8,4:0 %7,5:0 %1,6:0 %6,7:0 %5,8:1
.{previous}              %0,0:0 %4,1:0 %3,2:0 %2,3:0 %8,4:0 %7,5:0 %1,6:0 %6,7:0 %5,8:1
:.{previous}             %0,0:0 %4,1:0 %3,2:0 %2,3:0 %8,4:0 %7,5:0 %1,6:0 %6,7:0 %5,8:1
:W.{previous}            %0,0:0 %4,1:0 %3,2:0 %2,3:0 %8,4:0 %7,5:0 %1,6:0 %6,7:0 %5,8:1
S:.{previous}            %0,0:0 %4,1:0 %3,2:0 %2,3:0 %8,4:0 %7,5:0 %1,6:0 %6,7:0 %5,8:1
S:W.{previous}           %0,0:0 %4,1:0 %3,2:0 %2,3:0 %8,4:0 %7,5:0 %1,6:0 %6,7:0 %5,8:1
-                        %0,0:0 %4,1:0 %3,2:0 %2,3:0 %8,4:0 %7,5:0 %1,6:0 %6,7:0 %5,8:1
.-                       %0,0:0 %4,1:0 %3,2:0 %2,3:0 %8,4:0 %7,5:0 %1,6:0 %6,7:0 %5,8:1
:.-                      %0,0:0 %4,1:0 %3,2:0 %2,3:0 %8,4:0 %7,5:0 %1,6:0 %6,7:0 %5,8:1
:W.-                     %0,0:0 %4,1:0 %3,2:0 %2,3:0 %8,4:0 %7,5:0 %1,6:0 %6,7:0 %5,8:1
S:.-                     %0,0:0 %4,1:0 %3,2:0 %2,3:0 %8,4:0 %7,5:0 %1,6:0 %6,7:0 %5,8:1
S:W.-                    %0,0:0 %4,1:0 %3,2:0 %2,3:0 %8,4:0 %7,5:0 %1,6:0 %6,7:0 %5,8:1
{top}                    %0,0:0 %4,1:0 %3,2:0 %2,3:1 %8,4:0 %7,5:0 %1,6:0 %6,7:0 %5,8:0
.{top}                   %0,0:0 %4,1:0 %3,2:0 %2,3:1 %8,4:0 %7,5:0 %1,6:0 %6,7:0 %5,8:0
:.{top}                  %0,0:0 %4,1:0 %3,2:0 %2,3:1 %8,4:0 %7,5:0 %1,6:0 %6,7:0 %5,8:0
:W.{top}                 %0,0:0 %4,1:0 %3,2:0 %2,3:1 %8,4:0 %7,5:0 %1,6:0 %6,7:0 %5,8:0
S:.{top}                 %0,0:0 %4,1:0 %3,2:0 %2,3:1 %8,4:0 %7,5:0 %1,6:0 %6,7:0 %5,8:0
S:W.{top}                %0,0:0 %4,1:0 %3,2:0 %2,3:1 %8,4:0 %7,5:0 %1,6:0 %6,7:0 %5,8:0
top                      %0,0:0 %4,1:0 %3,2:0 %2,3:1 %8,4:0 %7,5:0 %1,6:0 %6,7:0 %5,8:0
.top                     %0,0:0 %4,1:0 %3,2:0 %2,3:1 %8,4:0 %7,5:0 %1,6:0 %6,7:0 %5,8:0
:.top                    %0,0:0 %4,1:0 %3,2:0 %2,3:1 %8,4:0 %7,5:0 %1,6:0 %6,7:0 %5,8:0
:W.top                   %0,0:0 %4,1:0 %3,2:0 %2,3:1 %8,4:0 %7,5:0 %1,6:0 %6,7:0 %5,8:0
S:.top                   %0,0:0 %4,1:0 %3,2:0 %2,3:1 %8,4:0 %7,5:0 %1,6:0 %6,7:0 %5,8:0
S:W.top                  %0,0:0 %4,1:0 %3,2:0 %2,3:1 %8,4:0 %7,5:0 %1,6:0 %6,7:0 %5,8:0
{bottom}                 %0,0:0 %4,1:0 %3,2:0 %2,3:0 %8,4:0 %7,5:0 %1,6:1 %6,7:0 %5,8:0
.{bottom}                %0,0:0 %4,1:0 %3,2:0 %2,3:0 %8,4:0 %7,5:0 %1,6:1 %6,7:0 %5,8:0
:.{bottom}               %0,0:0 %4,1:0 %3,2:0 %2,3:0 %8,4:0 %7,5:0 %1,6:1 %6,7:0 %5,8:0
:W.{bottom}              %0,0:0 %4,1:0 %3,2:0 %2,3:0 %8,4:0 %7,5:0 %1,6:1 %6,7:0 %5,8:0
S:.{bottom}              %0,0:0 %4,1:0 %3,2:0 %2,3:0 %8,4:0 %7,5:0 %1,6:1 %6,7:0 %5,8:0
S:W.{bottom}             %0,0:0 %4,1:0 %3,2:0 %2,3:0 %8,4:0 %7,5:0 %1,6:1 %6,7:0 %5,8:0
bottom                   %0,0:0 %4,1:0 %3,2:0 %2,3:0 %8,4:0 %7,5:0 %1,6:1 %6,7:0 %5,8:0
.bottom                  %0,0:0 %4,1:0 %3,2:0 %2,3:0 %8,4:0 %7,5:0 %1,6:1 %6,7:0 %5,8:0
:.bottom                 %0,0:0 %4,1:0 %3,2:0 %2,3:0 %8,4:0 %7,5:0 %1,6:1 %6,7:0 %5,8:0
:W.bottom                %0,0:0 %4,1:0 %3,2:0 %2,3:0 %8,4:0 %7,5:0 %1,6:1 %6,7:0 %5,8:0
S:.bottom                %0,0:0 %4,1:0 %3,2:0 %2,3:0 %8,4:0 %7,5:0 %1,6:1 %6,7:0 %5,8:0
S:W.bottom               %0,0:0 %4,1:0 %3,2:0 %2,3:0 %8,4:0 %7,5:0 %1,6:1 %6,7:0 %5,8:0
{left}                   %0,0:0 %4,1:1 %3,2:0 %2,3:0 %8,4:0 %7,5:0 %1,6:0 %6,7:0 %5,8:0
.{left}                  %0,0:0 %4,1:1 %3,2:0 %2,3:0 %8,4:0 %7,5:0 %1,6:0 %6,7:0 %5,8:0
:.{left}                 %0,0:0 %4,1:1 %3,2:0 %2,3:0 %8,4:0 %7,5:0 %1,6:0 %6,7:0 %5,8:0
:W.{left}                %0,0:0 %4,1:1 %3,2:0 %2,3:0 %8,4:0 %7,5:0 %1,6:0 %6,7:0 %5,8:0
S:.{left}                %0,0:0 %4,1:1 %3,2:0 %2,3:0 %8,4:0 %7,5:0 %1,6:0 %6,7:0 %5,8:0
S:W.{left}               %0,0:0 %4,1:1 %3,2:0 %2,3:0 %8,4:0 %7,5:0 %1,6:0 %6,7:0 %5,8:0
left                     %0,0:0 %4,1:1 %3,2:0 %2,3:0 %8,4:0 %7,5:0 %1,6:0 %6,7:0 %5,8:0
.left                    %0,0:0 %4,1:1 %3,2:0 %2,3:0 %8,4:0 %7,5:0 %1,6:0 %6,7:0 %5,8:0
:.left                   %0,0:0 %4,1:1 %3,2:0 %2,3:0 %8,4:0 %7,5:0 %1,6:0 %6,7:0 %5,8:0
:W.left                  %0,0:0 %4,1:1 %3,2:0 %2,3:0 %8,4:0 %7,5:0 %1,6:0 %6,7:0 %5,8:0
S:.left                  %0,0:0 %4,1:1 %3,2:0 %2,3:0 %8,4:0 %7,5:0 %1,6:0 %6,7:0 %5,8:0
S:W.left                 %0,0:0 %4,1:1 %3,2:0 %2,3:0 %8,4:0 %7,5:0 %1,6:0 %6,7:0 %5,8:0
{right}                  %0,0:0 %4,1:0 %3,2:1 %2,3:0 %8,4:0 %7,5:0 %1,6:0 %6,7:0 %5,8:0
.{right}                 %0,0:0 %4,1:0 %3,2:1 %2,3:0 %8,4:0 %7,5:0 %1,6:0 %6,7:0 %5,8:0
:.{right}                %0,0:0 %4,1:0 %3,2:1 %2,3:0 %8,4:0 %7,5:0 %1,6:0 %6,7:0 %5,8:0
:W.{right}               %0,0:0 %4,1:0 %3,2:1 %2,3:0 %8,4:0 %7,5:0 %1,6:0 %6,7:0 %5,8:0
S:.{right}               %0,0:0 %4,1:0 %3,2:1 %2,3:0 %8,4:0 %7,5:0 %1,6:0 %6,7:0 %5,8:0
S:W.{right}              %0,0:0 %4,1:0 %3,2:1 %2,3:0 %8,4:0 %7,5:0 %1,6:0 %6,7:0 %5,8:0
right                    %0,0:0 %4,1:0 %3,2:1 %2,3:0 %8,4:0 %7,5:0 %1,6:0 %6,7:0 %5,8:0
.right                   %0,0:0 %4,1:0 %3,2:1 %2,3:0 %8,4:0 %7,5:0 %1,6:0 %6,7:0 %5,8:0
:.right                  %0,0:0 %4,1:0 %3,2:1 %2,3:0 %8,4:0 %7,5:0 %1,6:0 %6,7:0 %5,8:0
:W.right                 %0,0:0 %4,1:0 %3,2:1 %2,3:0 %8,4:0 %7,5:0 %1,6:0 %6,7:0 %5,8:0
S:.right                 %0,0:0 %4,1:0 %3,2:1 %2,3:0 %8,4:0 %7,5:0 %1,6:0 %6,7:0 %5,8:0
S:W.right                %0,0:0 %4,1:0 %3,2:1 %2,3:0 %8,4:0 %7,5:0 %1,6:0 %6,7:0 %5,8:0
{top-left}               %0,0:0 %4,1:0 %3,2:0 %2,3:0 %8,4:1 %7,5:0 %1,6:0 %6,7:0 %5,8:0
.{top-left}              %0,0:0 %4,1:0 %3,2:0 %2,3:0 %8,4:1 %7,5:0 %1,6:0 %6,7:0 %5,8:0
:.{top-left}             %0,0:0 %4,1:0 %3,2:0 %2,3:0 %8,4:1 %7,5:0 %1,6:0 %6,7:0 %5,8:0
:W.{top-left}            %0,0:0 %4,1:0 %3,2:0 %2,3:0 %8,4:1 %7,5:0 %1,6:0 %6,7:0 %5,8:0
S:.{top-left}            %0,0:0 %4,1:0 %3,2:0 %2,3:0 %8,4:1 %7,5:0 %1,6:0 %6,7:0 %5,8:0
S:W.{top-left}           %0,0:0 %4,1:0 %3,2:0 %2,3:0 %8,4:1 %7,5:0 %1,6:0 %6,7:0 %5,8:0
top-left                 %0,0:0 %4,1:0 %3,2:0 %2,3:0 %8,4:1 %7,5:0 %1,6:0 %6,7:0 %5,8:0
.top-left                %0,0:0 %4,1:0 %3,2:0 %2,3:0 %8,4:1 %7,5:0 %1,6:0 %6,7:0 %5,8:0
:.top-left               %0,0:0 %4,1:0 %3,2:0 %2,3:0 %8,4:1 %7,5:0 %1,6:0 %6,7:0 %5,8:0
:W.top-left              %0,0:0 %4,1:0 %3,2:0 %2,3:0 %8,4:1 %7,5:0 %1,6:0 %6,7:0 %5,8:0
S:.top-left              %0,0:0 %4,1:0 %3,2:0 %2,3:0 %8,4:1 %7,5:0 %1,6:0 %6,7:0 %5,8:0
S:W.top-left             %0,0:0 %4,1:0 %3,2:0 %2,3:0 %8,4:1 %7,5:0 %1,6:0 %6,7:0 %5,8:0
{top-right}              %0,0:0 %4,1:0 %3,2:0 %2,3:0 %8,4:0 %7,5:1 %1,6:0 %6,7:0 %5,8:0
.{top-right}             %0,0:0 %4,1:0 %3,2:0 %2,3:0 %8,4:0 %7,5:1 %1,6:0 %6,7:0 %5,8:0
:.{top-right}            %0,0:0 %4,1:0 %3,2:0 %2,3:0 %8,4:0 %7,5:1 %1,6:0 %6,7:0 %5,8:0
:W.{top-right}           %0,0:0 %4,1:0 %3,2:0 %2,3:0 %8,4:0 %7,5:1 %1,6:0 %6,7:0 %5,8:0
S:.{top-right}           %0,0:0 %4,1:0 %3,2:0 %2,3:0 %8,4:0 %7,5:1 %1,6:0 %6,7:0 %5,8:0
S:W.{top-right}          %0,0:0 %4,1:0 %3,2:0 %2,3:0 %8,4:0 %7,5:1 %1,6:0 %6,7:0 %5,8:0
top-right                %0,0:0 %4,1:0 %3,2:0 %2,3:0 %8,4:0 %7,5:1 %1,6:0 %6,7:0 %5,8:0
.top-right               %0,0:0 %4,1:0 %3,2:0 %2,3:0 %8,4:0 %7,5:1 %1,6:0 %6,7:0 %5,8:0
:.top-right              %0,0:0 %4,1:0 %3,2:0 %2,3:0 %8,4:0 %7,5:1 %1,6:0 %6,7:0 %5,8:0
:W.top-right             %0,0:0 %4,1:0 %3,2:0 %2,3:0 %8,4:0 %7,5:1 %1,6:0 %6,7:0 %5,8:0
S:.top-right             %0,0:0 %4,1:0 %3,2:0 %2,3:0 %8,4:0 %7,5:1 %1,6:0 %6,7:0 %5,8:0
S:W.top-right            %0,0:0 %4,1:0 %3,2:0 %2,3:0 %8,4:0 %7,5:1 %1,6:0 %6,7:0 %5,8:0
{bottom-left}            %0,0:0 %4,1:0 %3,2:0 %2,3:0 %8,4:0 %7,5:0 %1,6:0 %6,7:1 %5,8:0
.{bottom-left}           %0,0:0 %4,1:0 %3,2:0 %2,3:0 %8,4:0 %7,5:0 %1,6:0 %6,7:1 %5,8:0
:.{bottom-left}          %0,0:0 %4,1:0 %3,2:0 %2,3:0 %8,4:0 %7,5:0 %1,6:0 %6,7:1 %5,8:0
:W.{bottom-left}         %0,0:0 %4,1:0 %3,2:0 %2,3:0 %8,4:0 %7,5:0 %1,6:0 %6,7:1 %5,8:0
S:.{bottom-left}         %0,0:0 %4,1:0 %3,2:0 %2,3:0 %8,4:0 %7,5:0 %1,6:0 %6,7:1 %5,8:0
S:W.{bottom-left}        %0,0:0 %4,1:0 %3,2:0 %2,3:0 %8,4:0 %7,5:0 %1,6:0 %6,7:1 %5,8:0
bottom-left              %0,0:0 %4,1:0 %3,2:0 %2,3:0 %8,4:0 %7,5:0 %1,6:0 %6,7:1 %5,8:0
.bottom-left             %0,0:0 %4,1:0 %3,2:0 %2,3:0 %8,4:0 %7,5:0 %1,6:0 %6,7:1 %5,8:0
:.bottom-left            %0,0:0 %4,1:0 %3,2:0 %2,3:0 %8,4:0 %7,5:0 %1,6:0 %6,7:1 %5,8:0
:W.bottom-left           %0,0:0 %4,1:0 %3,2:0 %2,3:0 %8,4:0 %7,5:0 %1,6:0 %6,7:1 %5,8:0
S:.bottom-left           %0,0:0 %4,1:0 %3,2:0 %2,3:0 %8,4:0 %7,5:0 %1,6:0 %6,7:1 %5,8:0
S:W.bottom-left          %0,0:0 %4,1:0 %3,2:0 %2,3:0 %8,4:0 %7,5:0 %1,6:0 %6,7:1 %5,8:0
{bottom-right}           %0,0:0 %4,1:0 %3,2:0 %2,3:0 %8,4:0 %7,5:0 %1,6:0 %6,7:0 %5,8:1
.{bottom-right}          %0,0:0 %4,1:0 %3,2:0 %2,3:0 %8,4:0 %7,5:0 %1,6:0 %6,7:0 %5,8:1
:.{bottom-right}         %0,0:0 %4,1:0 %3,2:0 %2,3:0 %8,4:0 %7,5:0 %1,6:0 %6,7:0 %5,8:1
:W.{bottom-right}        %0,0:0 %4,1:0 %3,2:0 %2,3:0 %8,4:0 %7,5:0 %1,6:0 %6,7:0 %5,8:1
S:.{bottom-right}        %0,0:0 %4,1:0 %3,2:0 %2,3:0 %8,4:0 %7,5:0 %1,6:0 %6,7:0 %5,8:1
S:W.{bottom-right}       %0,0:0 %4,1:0 %3,2:0 %2,3:0 %8,4:0 %7,5:0 %1,6:0 %6,7:0 %5,8:1
bottom-right             %0,0:0 %4,1:0 %3,2:0 %2,3:0 %8,4:0 %7,5:0 %1,6:0 %6,7:0 %5,8:1
.bottom-right            %0,0:0 %4,1:0 %3,2:0 %2,3:0 %8,4:0 %7,5:0 %1,6:0 %6,7:0 %5,8:1
:.bottom-right           %0,0:0 %4,1:0 %3,2:0 %2,3:0 %8,4:0 %7,5:0 %1,6:0 %6,7:0 %5,8:1
:W.bottom-right          %0,0:0 %4,1:0 %3,2:0 %2,3:0 %8,4:0 %7,5:0 %1,6:0 %6,7:0 %5,8:1
S:.bottom-right          %0,0:0 %4,1:0 %3,2:0 %2,3:0 %8,4:0 %7,5:0 %1,6:0 %6,7:0 %5,8:1
S:W.bottom-right         %0,0:0 %4,1:0 %3,2:0 %2,3:0 %8,4:0 %7,5:0 %1,6:0 %6,7:0 %5,8:1
{up-of}                  %0,0:0 %4,1:0 %3,2:0 %2,3:1 %8,4:0 %7,5:0 %1,6:0 %6,7:0 %5,8:0
.{up-of}                 %0,0:0 %4,1:0 %3,2:0 %2,3:1 %8,4:0 %7,5:0 %1,6:0 %6,7:0 %5,8:0
:.{up-of}                %0,0:0 %4,1:0 %3,2:0 %2,3:1 %8,4:0 %7,5:0 %1,6:0 %6,7:0 %5,8:0
:W.{up-of}               %0,0:0 %4,1:0 %3,2:0 %2,3:1 %8,4:0 %7,5:0 %1,6:0 %6,7:0 %5,8:0
S:.{up-of}               %0,0:0 %4,1:0 %3,2:0 %2,3:1 %8,4:0 %7,5:0 %1,6:0 %6,7:0 %5,8:0
S:W.{up-of}              %0,0:0 %4,1:0 %3,2:0 %2,3:1 %8,4:0 %7,5:0 %1,6:0 %6,7:0 %5,8:0
{down-of}                %0,0:0 %4,1:0 %3,2:0 %2,3:0 %8,4:0 %7,5:0 %1,6:1 %6,7:0 %5,8:0
.{down-of}               %0,0:0 %4,1:0 %3,2:0 %2,3:0 %8,4:0 %7,5:0 %1,6:1 %6,7:0 %5,8:0
:.{down-of}              %0,0:0 %4,1:0 %3,2:0 %2,3:0 %8,4:0 %7,5:0 %1,6:1 %6,7:0 %5,8:0
:W.{down-of}             %0,0:0 %4,1:0 %3,2:0 %2,3:0 %8,4:0 %7,5:0 %1,6:1 %6,7:0 %5,8:0
S:.{down-of}             %0,0:0 %4,1:0 %3,2:0 %2,3:0 %8,4:0 %7,5:0 %1,6:1 %6,7:0 %5,8:0
S:W.{down-of}            %0,0:0 %4,1:0 %3,2:0 %2,3:0 %8,4:0 %7,5:0 %1,6:1 %6,7:0 %5,8:0
{left-of}                %0,0:0 %4,1:1 %3,2:0 %2,3:0 %8,4:0 %7,5:0 %1,6:0 %6,7:0 %5,8:0
.{left-of}               %0,0:0 %4,1:1 %3,2:0 %2,3:0 %8,4:0 %7,5:0 %1,6:0 %6,7:0 %5,8:0
:.{left-of}              %0,0:0 %4,1:1 %3,2:0 %2,3:0 %8,4:0 %7,5:0 %1,6:0 %6,7:0 %5,8:0
:W.{left-of}             %0,0:0 %4,1:1 %3,2:0 %2,3:0 %8,4:0 %7,5:0 %1,6:0 %6,7:0 %5,8:0
S:.{left-of}             %0,0:0 %4,1:1 %3,2:0 %2,3:0 %8,4:0 %7,5:0 %1,6:0 %6,7:0 %5,8:0
S:W.{left-of}            %0,0:0 %4,1:1 %3,2:0 %2,3:0 %8,4:0 %7,5:0 %1,6:0 %6,7:0 %5,8:0
{right-of}               %0,0:0 %4,1:0 %3,2:1 %2,3:0 %8,4:0 %7,5:0 %1,6:0 %6,7:0 %5,8:0
.{right-of}              %0,0:0 %4,1:0 %3,2:1 %2,3:0 %8,4:0 %7,5:0 %1,6:0 %6,7:0 %5,8:0
:.{right-of}             %0,0:0 %4,1:0 %3,2:1 %2,3:0 %8,4:0 %7,5:0 %1,6:0 %6,7:0 %5,8:0
:W.{right-of}            %0,0:0 %4,1:0 %3,2:1 %2,3:0 %8,4:0 %7,5:0 %1,6:0 %6,7:0 %5,8:0
S:.{right-of}            %0,0:0 %4,1:0 %3,2:1 %2,3:0 %8,4:0 %7,5:0 %1,6:0 %6,7:0 %5,8:0
S:W.{right-of}           %0,0:0 %4,1:0 %3,2:1 %2,3:0 %8,4:0 %7,5:0 %1,6:0 %6,7:0 %5,8:0
