FOO=123
@:2: unknown command: -a
@:1: unknown command: burble
